=== TMC5160 SPI Demo ===
[BOOT] Ready.
[DEBUG][M0] GCONF=0x00 IOIN=0x04
[SPI] TX:[00 00 00 00 00] RX:[39 00 00 00 00]
[SPI] TX:[00 00 00 00 00] RX:[39 00 00 00 09]
[SETUP][M0] GCONF=0x00000009
[SPI] TX:[6C 00 00 00 00] RX:[39 00 00 00 09]
[SPI] TX:[6C 00 00 00 00] RX:[39 10 41 01 50]
[RESET] CHOPCONF before reset: 0x10410150 (TOFF=0)
[RESET] Triggering TMC5160 reset...
[SPI] TX:[80 00 00 00 01] RX:[39 10 41 01 50]
[SPI] TX:[6C 00 00 00 00] RX:[39 00 00 00 01]
[SPI] TX:[6C 00 00 00 00] RX:[39 10 41 01 50]
[RESET] CHOPCONF after reset: 0x10410150 (TOFF=0) [RESET OK]
[SPI] TX:[80 00 00 00 60] RX:[39 10 41 01 50]
[SPI] TX:[EC 10 01 42 C5] RX:[39 00 00 00 60]
[SPI] TX:[EC 10 01 42 C5] RX:[39 10 01 42 C5]
[SPI] TX:[90 00 06 10 08] RX:[39 10 01 42 C5]
[SPI] TX:[91 00 00 00 14] RX:[39 00 06 10 08]
[SPI] TX:[A3 00 00 00 00] RX:[39 00 00 00 14]
[SPI] TX:[A6 00 00 13 88] RX:[39 00 00 00 00]
[SPI] TX:[A7 00 00 00 00] RX:[39 00 00 13 88]
[SPI] TX:[A8 00 00 13 88] RX:[39 00 00 00 00]
[SPI] TX:[AB 00 00 00 0A] RX:[39 00 00 13 88]
[SPI] TX:[AC 00 00 00 00] RX:[39 00 00 00 0A]
[SPI] TX:[A0 00 00 00 03] RX:[39 00 00 00 00]
[SPI] TX:[04 00 00 00 00] RX:[39 00 00 00 03]
[SPI] TX:[04 00 00 00 00] RX:[29 30 00 00 40]
[IOIN][M0] value=0x30000040 VERSION=0x30 [VERSION OK] [POWER OK]
[SPI] TX:[6C 00 00 00 00] RX:[29 30 00 00 40]
[SPI] TX:[6C 00 00 00 00] RX:[29 10 01 42 C5]
[DEBUG][M0] CHOPCONF=0x100142C5 TOFF=5 [DRIVER ENABLED]
[DEBUG][M1] GCONF=0x00 IOIN=0x04
[SPI] TX:[00 00 00 00 00] RX:[39 00 00 00 00]
[SPI] TX:[00 00 00 00 00] RX:[39 00 00 00 09]
[SETUP][M1] GCONF=0x00000009
[SPI] TX:[6C 00 00 00 00] RX:[39 00 00 00 09]
[SPI] TX:[6C 00 00 00 00] RX:[39 10 41 01 50]
[RESET] CHOPCONF before reset: 0x10410150 (TOFF=0)
[RESET] Triggering TMC5160 reset...
[SPI] TX:[80 00 00 00 01] RX:[39 10 41 01 50]
[SPI] TX:[6C 00 00 00 00] RX:[39 00 00 00 01]
[SPI] TX:[6C 00 00 00 00] RX:[39 10 41 01 50]
[RESET] CHOPCONF after reset: 0x10410150 (TOFF=0) [RESET OK]
[SPI] TX:[80 00 00 00 60] RX:[39 10 41 01 50]
[SPI] TX:[EC 10 01 42 C5] RX:[39 00 00 00 60]
[SPI] TX:[EC 10 01 42 C5] RX:[39 10 01 42 C5]
[SPI] TX:[90 00 06 10 08] RX:[39 10 01 42 C5]
[SPI] TX:[91 00 00 00 14] RX:[39 00 06 10 08]
[SPI] TX:[A3 00 00 00 00] RX:[39 00 00 00 14]
[SPI] TX:[A6 00 00 13 88] RX:[39 00 00 00 00]
[SPI] TX:[A7 00 00 00 00] RX:[39 00 00 13 88]
[SPI] TX:[A8 00 00 13 88] RX:[39 00 00 00 00]
[SPI] TX:[AB 00 00 00 0A] RX:[39 00 00 13 88]
[SPI] TX:[AC 00 00 00 00] RX:[39 00 00 00 0A]
[SPI] TX:[A0 00 00 00 03] RX:[39 00 00 00 00]
[SPI] TX:[04 00 00 00 00] RX:[39 00 00 00 03]
[SPI] TX:[04 00 00 00 00] RX:[29 30 00 00 40]
[IOIN][M1] value=0x30000040 VERSION=0x30 [VERSION OK] [POWER OK]
[SPI] TX:[6C 00 00 00 00] RX:[29 30 00 00 40]
[SPI] TX:[6C 00 00 00 00] RX:[29 10 01 42 C5]
[DEBUG][M1] CHOPCONF=0x100142C5 TOFF=5 [DRIVER ENABLED]
[INIT] TMC5160 drivers ready (2/2)
